<?xml version="1.0" encoding="utf-8"?><testsuites name="pytest tests"><testsuite name="pytest" errors="0" failures="0" skipped="0" tests="33" time="4.300" timestamp="2025-10-05T19:44:33.740035-06:00" hostname="MacBook-Pro-de-Fer-2.local"><testcase classname="tests.test_app" name="test_health" time="0.030" /><testcase classname="tests.test_app" name="test_config_contains_score_mapping" time="0.009" /><testcase classname="tests.test_app" name="test_transaction_in_review_path" time="0.030" /><testcase classname="tests.test_app" name="test_transaction_hard_block_rejection" time="0.008" /><testcase classname="tests.test_decision_engine.TestDecisionEngine" name="test_constants" time="0.001" /><testcase classname="tests.test_decision_engine.TestDecisionEngine" name="test_default_config_exists" time="0.001" /><testcase classname="tests.test_decision_engine.TestDecisionEngine" name="test_is_night_function" time="0.001" /><testcase classname="tests.test_decision_engine.TestDecisionEngine" name="test_high_amount_function" time="0.001" /><testcase classname="tests.test_decision_engine.TestDecisionEngine" name="test_assess_row_hard_block" time="0.002" /><testcase classname="tests.test_decision_engine.TestDecisionEngine" name="test_assess_row_accepted_low_risk" time="0.002" /><testcase classname="tests.test_decision_engine.TestDecisionEngine" name="test_assess_row_night_hour" time="0.004" /><testcase classname="tests.test_decision_engine.TestDecisionEngine" name="test_assess_row_geo_mismatch" time="0.003" /><testcase classname="tests.test_decision_engine.TestDecisionEngine" name="test_assess_row_high_amount_digital" time="0.002" /><testcase classname="tests.test_decision_engine.TestDecisionEngine" name="test_assess_row_new_user_high_amount" time="0.002" /><testcase classname="tests.test_decision_engine.TestDecisionEngine" name="test_assess_row_extreme_latency" time="0.002" /><testcase classname="tests.test_decision_engine.TestDecisionEngine" name="test_assess_row_frequency_buffer_trusted" time="0.002" /><testcase classname="tests.test_decision_engine.TestDecisionEngine" name="test_assess_row_frequency_buffer_recurrent" time="0.002" /><testcase classname="tests.test_decision_engine.TestDecisionEngine" name="test_assess_row_email_risk_levels" time="0.003" /><testcase classname="tests.test_decision_engine.TestDecisionEngine" name="test_assess_row_ip_risk_levels" time="0.006" /><testcase classname="tests.test_decision_engine.TestDecisionEngine" name="test_assess_row_device_risk_levels" time="0.004" /><testcase classname="tests.test_decision_engine.TestDecisionEngine" name="test_assess_row_user_reputation_levels" time="0.004" /><testcase classname="tests.test_decision_engine.TestDecisionEngine" name="test_assess_row_missing_fields" time="0.002" /><testcase classname="tests.test_decision_engine.TestDecisionEngine" name="test_run_function" time="0.028" /><testcase classname="tests.test_decision_engine.TestDecisionEngine" name="test_run_with_custom_config" time="0.013" /><testcase classname="tests.test_decision_engine.TestDecisionEngine" name="test_main_function" time="0.008" /><testcase classname="tests.test_decision_engine.TestDecisionEngine" name="test_main_function_with_args" time="0.007" /><testcase classname="tests.test_decision_engine.TestDecisionEngine" name="test_environment_variables_import" time="0.003" /><testcase classname="tests.test_decision_engine.TestDecisionEngine" name="test_assess_row_all_product_types" time="0.004" /><testcase classname="tests.test_decision_engine.TestDecisionEngine" name="test_assess_row_geo_mismatch_edge_cases" time="0.003" /><testcase classname="tests.test_decision_engine.TestDecisionEngine" name="test_assess_row_frequency_buffer_edge_cases" time="0.002" /><testcase classname="tests.test_decision_engine.TestDecisionEngine" name="test_assess_row_score_zero_no_frequency_buffer" time="0.002" /><testcase classname="tests.test_decision_engine.TestDecisionEngine" name="test_main_as_script" time="0.726" /><testcase classname="tests.test_import_engine" name="test_import_engine" time="0.001" /></testsuite></testsuites>